// Jest Snapshot v1, https://jestjs.io/docs/snapshot-testing

exports[`http Swagger has the same routes as before 1`] = `
[
  "DELETE /backup/delete/{backupId}",
  "DELETE /config/{configurationId}",
  "DELETE /file/{reportId}/{fileId}",
  "DELETE /project/{projectId}",
  "DELETE /report/{reportId}",
  "DELETE /resource/{fileId}",
  "DELETE /user/{userId}",
  "GET /auth/otp/recovery-key",
  "GET /backup/download/{backupId}",
  "GET /backup/latest",
  "GET /config",
  "GET /config/shortcode/{shortcode}",
  "GET /config/{configurationId}",
  "GET /file/asset/{reportId}/{fileId}",
  "GET /file/asset/{reportId}/{fileId}/{size}",
  "GET /file/download/{bucketId}/{fileId}",
  "GET /file/report/{reportId}",
  "GET /global-setting",
  "GET /global-setting/{name}",
  "GET /p/{projectSlug}",
  "GET /project",
  "GET /project/{projectId}",
  "GET /report",
  "GET /report/{reportId}",
  "GET /resource",
  "GET /resource/asset/{fileName}",
  "GET /resource/check/{fileName}",
  "GET /resource/download",
  "GET /resource/mobile/asset/{fileName}",
  "GET /resource/projects",
  "GET /user",
  "GET /user/list",
  "GET /user/unblock",
  "GET /user/{id}",
  "HEAD /file/{reportId}/{fileName}",
  "POST /auth/logout",
  "POST /auth/otp/activate",
  "POST /auth/otp/disable",
  "POST /auth/otp/enable",
  "POST /auth/otp/login",
  "POST /auth/otp/recovery-key",
  "POST /auth/otp/validate/recovery-key",
  "POST /auth/otp/verify",
  "POST /auth/refresh",
  "POST /backup",
  "POST /config",
  "POST /config/{configurationId}",
  "POST /file/{reportId}/{fileName}",
  "POST /login",
  "POST /login/web",
  "POST /project",
  "POST /project/{projectId}",
  "POST /report/batch-delete",
  "POST /report/{reportId}",
  "POST /resource/upload/{fileName}",
  "POST /user",
  "POST /user/batch-delete",
  "POST /user/change-password",
  "POST /user/change-self",
  "POST /user/confirm/password",
  "POST /user/{userId}",
  "PUT /file/v2/{reportId}/{fileName}",
  "PUT /file/{reportId}/{fileName}",
  "PUT /global-setting",
  "PUT /project/{projectId}",
  "PUT /resource/upload/{fileName}",
]
`;
